com\mailchimp\entities\addCampaign\SegmentOpts.class
com\mailchimp\controller\CampaignController.class
com\mailchimp\entities\updateCampaignSettings\SegmentOpts.class
com\mailchimp\configuration\RestTemplateConfig.class
com\mailchimp\entities\addCampaign\Recipients.class
com\mailchimp\entities\updateCampaignSettings\Capsule.class
com\mailchimp\entities\addCampaign\AddPostCampaign.class
com\mailchimp\service\CampaignService.class
com\mailchimp\entities\addCampaign\Salesforce.class
com\mailchimp\Application.class
com\mailchimp\entities\addCampaign\Tracking.class
com\mailchimp\entities\updateCampaignSettings\Tracking.class
com\mailchimp\configuration\SwaggerConfiguration.class
com\mailchimp\entities\addCampaign\SocialCard.class
com\mailchimp\entities\campaignFolder\CampaignFolder.class
com\mailchimp\entities\updateCampaignSettings\SocialCard.class
com\mailchimp\entities\updateCampaignSettings\Settings.class
com\mailchimp\entities\updateCampaignSettings\Salesforce.class
com\mailchimp\model\Reponse.class
com\mailchimp\entities\addCampaign\Capsule.class
com\mailchimp\entities\updateCampaignSettings\UpdateCampaignSettings.class
com\mailchimp\entities\addCampaign\Settings.class
com\mailchimp\entities\updateCampaignSettings\Recipients.class
com\mailchimp\model\RFile.class
