D:\Spring Tools\es.mailchimp.qubist.sys.service\src\main\java\com\mailchimp\entities\addCampaign\Salesforce.java
D:\Spring Tools\es.mailchimp.qubist.sys.service\src\main\java\com\mailchimp\Application.java
D:\Spring Tools\es.mailchimp.qubist.sys.service\src\main\java\com\mailchimp\entities\addCampaign\SegmentOpts.java
D:\Spring Tools\es.mailchimp.qubist.sys.service\src\main\java\com\mailchimp\configuration\RestTemplateConfig.java
D:\Spring Tools\es.mailchimp.qubist.sys.service\src\main\java\com\mailchimp\entities\addCampaign\AddPostCampaign.java
D:\Spring Tools\es.mailchimp.qubist.sys.service\src\main\java\com\mailchimp\entities\addCampaign\Recipients.java
D:\Spring Tools\es.mailchimp.qubist.sys.service\src\main\java\com\mailchimp\model\Reponse.java
D:\Spring Tools\es.mailchimp.qubist.sys.service\src\main\java\com\mailchimp\entities\updateCampaignSettings\UpdateCampaignSettings.java
D:\Spring Tools\es.mailchimp.qubist.sys.service\src\main\java\com\mailchimp\controller\CampaignController.java
D:\Spring Tools\es.mailchimp.qubist.sys.service\src\main\java\com\mailchimp\entities\updateCampaignSettings\SocialCard.java
D:\Spring Tools\es.mailchimp.qubist.sys.service\src\main\java\com\mailchimp\entities\updateCampaignSettings\SegmentOpts.java
D:\Spring Tools\es.mailchimp.qubist.sys.service\src\main\java\com\mailchimp\configuration\SwaggerConfiguration.java
D:\Spring Tools\es.mailchimp.qubist.sys.service\src\main\java\com\mailchimp\entities\addCampaign\Tracking.java
D:\Spring Tools\es.mailchimp.qubist.sys.service\src\main\java\com\mailchimp\entities\updateCampaignSettings\Tracking.java
D:\Spring Tools\es.mailchimp.qubist.sys.service\src\main\java\com\mailchimp\service\CampaignService.java
D:\Spring Tools\es.mailchimp.qubist.sys.service\src\main\java\com\mailchimp\entities\updateCampaignSettings\Recipients.java
D:\Spring Tools\es.mailchimp.qubist.sys.service\src\main\java\com\mailchimp\entities\addCampaign\SocialCard.java
D:\Spring Tools\es.mailchimp.qubist.sys.service\src\main\java\com\mailchimp\entities\campaignFolder\CampaignFolder.java
D:\Spring Tools\es.mailchimp.qubist.sys.service\src\main\java\com\mailchimp\entities\addCampaign\Settings.java
D:\Spring Tools\es.mailchimp.qubist.sys.service\src\main\java\com\mailchimp\entities\updateCampaignSettings\Capsule.java
D:\Spring Tools\es.mailchimp.qubist.sys.service\src\main\java\com\mailchimp\entities\updateCampaignSettings\Salesforce.java
D:\Spring Tools\es.mailchimp.qubist.sys.service\src\main\java\com\mailchimp\entities\addCampaign\Capsule.java
D:\Spring Tools\es.mailchimp.qubist.sys.service\src\main\java\com\mailchimp\model\RFile.java
D:\Spring Tools\es.mailchimp.qubist.sys.service\src\main\java\com\mailchimp\entities\updateCampaignSettings\Settings.java
